
2026-05-20 18:08:39,147 | __main__ -> INFO : ============================================================
2026-05-20 18:08:39,166 | __main__ -> INFO : ETL PIPELINE STARTED
2026-05-20 18:08:39,166 | __main__ -> INFO : ============================================================
2026-05-20 18:08:39,168 | extractor.extract_api -> INFO : Starting extraction | base_url: https://www.alphavantage.co/query?function=TIME_SERIES_DAILY&apikey=KTVQQKI4CAGK9HF5
2026-05-20 18:08:39,168 | extractor.extract_api -> INFO : Symbols to fetch: ['IBM', 'TSCO.LON', 'AAPL', 'MSFT']
2026-05-20 18:08:39,169 | extractor.extract_api -> INFO : Fetching: https://www.alphavantage.co/query?function=TIME_SERIES_DAILY&apikey=KTVQQKI4CAGK9HF5&symbol=IBM
2026-05-20 18:08:40,002 | extractor.extract_api -> INFO : Received 100 records for IBM
2026-05-20 18:08:40,003 | extractor.extract_api -> INFO : Fetching: https://www.alphavantage.co/query?function=TIME_SERIES_DAILY&apikey=KTVQQKI4CAGK9HF5&symbol=TSCO.LON
2026-05-20 18:08:40,731 | extractor.extract_api -> WARNING : Rate limit hit for TSCO.LON: Thank you for using Alpha Vantage! Please consider spreading out your free API requests more sparingly (1 request per second). You may subscribe to any of the premium plans at https://www.alphavantage.co/premium/ to lift the free key rate limit (25 requests per day), raise the per-second burst limit, and instantly unlock all premium endpoints
2026-05-20 18:08:40,731 | extractor.extract_api -> INFO : Fetching: https://www.alphavantage.co/query?function=TIME_SERIES_DAILY&apikey=KTVQQKI4CAGK9HF5&symbol=AAPL
2026-05-20 18:08:41,806 | extractor.extract_api -> INFO : Received 100 records for AAPL
2026-05-20 18:08:41,807 | extractor.extract_api -> INFO : Fetching: https://www.alphavantage.co/query?function=TIME_SERIES_DAILY&apikey=KTVQQKI4CAGK9HF5&symbol=MSFT
2026-05-20 18:08:42,668 | extractor.extract_api -> INFO : Received 100 records for MSFT
2026-05-20 18:08:42,696 | extractor.extract_api -> INFO : Saving 3 symbols to: data/raw/stock_market.json
2026-05-20 18:08:42,733 | extractor.extract_api -> INFO : Raw data saved successfully.
2026-05-20 18:08:42,737 | __main__ -> INFO : Initialising SparkSession...
2026-05-20 18:09:25,160 | __main__ -> INFO : BRONZE LAYER: Flattening raw JSON...
2026-05-20 18:09:25,161 | transformer.transformation_data -> INFO : Reading merged JSON from: data/raw/stock_market.json
2026-05-20 18:09:25,288 | transformer.transformation_data -> INFO : Flattening symbol: IBM
2026-05-20 18:09:25,289 | transformer.transformation_data -> INFO : Flattening symbol: AAPL
2026-05-20 18:09:25,289 | transformer.transformation_data -> INFO : Flattening symbol: MSFT
2026-05-20 18:09:25,289 | transformer.transformation_data -> INFO : Total rows flattened: 300
2026-05-20 18:09:28,166 | transformer.transformation_data -> INFO : Bronze DataFrame created successfully.
2026-05-20 18:09:39,683 | __main__ -> INFO : SILVER LAYER: Cleaning data...
2026-05-20 18:09:39,683 | transformer.transformation_data -> INFO : Cleaning data (SILVER LAYER)...
2026-05-20 18:09:45,501 | transformer.transformation_data -> INFO : Running NULL checks...
2026-05-20 18:09:51,656 | transformer.transformation_data -> INFO : NULL CHECK PASSED: 'open'
2026-05-20 18:09:57,514 | transformer.transformation_data -> INFO : NULL CHECK PASSED: 'high'
2026-05-20 18:10:03,626 | transformer.transformation_data -> INFO : NULL CHECK PASSED: 'low'
2026-05-20 18:10:09,105 | transformer.transformation_data -> INFO : NULL CHECK PASSED: 'close'
2026-05-20 18:10:13,996 | transformer.transformation_data -> INFO : NULL CHECK PASSED: 'volume'
2026-05-20 18:10:23,364 | transformer.transformation_data -> INFO : DUPLICATE CHECK PASSED: all (symbol, date) pairs are unique.
2026-05-20 18:10:23,364 | transformer.transformation_data -> INFO : Silver layer ready.
2026-05-20 18:10:23,364 | __main__ -> INFO : GOLD LAYER: Applying transformations...
2026-05-20 18:10:23,364 | transformer.transformation_data -> INFO : Applying business transformations (GOLD LAYER)...
2026-05-20 18:10:23,539 | transformer.transformation_data -> INFO : Gold layer transformations applied.
2026-05-20 18:10:31,850 | loader.load_mysql -> INFO : Loading 300 rows into MySQL table 'stock_daily' | mode: overwrite | url: jdbc:mysql://localhost:3306/wajiddb
2026-05-20 18:10:44,560 | loader.load_mysql -> INFO : Successfully loaded 300 rows into 'stock_daily'.
2026-05-20 18:10:44,560 | __main__ -> INFO : ============================================================
2026-05-20 18:10:44,560 | __main__ -> INFO : ETL PIPELINE COMPLETED SUCCESSFULLY
2026-05-20 18:10:44,560 | __main__ -> INFO : ============================================================
2026-05-20 18:10:45,499 | __main__ -> INFO : SparkSession stopped.
